Wo, Wo, Wo, Wo, Wo, Wo, Wo, Wo, Wo, Wo, Wwt, Wwt, Wwt, Wwt, Ds, Ds, Wwt, Hd, Md, Md^Xm, Md^Xm, Md^Xm, Md^Xm, Md^Xm, Hd, Md, Wwrt, Wo, Wo, Wo, Wo, Wo
Wo, Wo, Ds, Wwrt, Wwt, Wo, Wo, Wo, Wo, Wo, Wwt, Wwt, Wwt, Wwt, Wwt, Dd^Vhs, Wwt, Hd, Wwt, Md, Hd, Md, Hd, Md, Wwrt, Wwrt, Wwrt, Wwt, Wo, Wo, Wo, Wo
Wo, Wwt^Vm, Wwrt, Wwrt, Wwt, Wwrt, Wwrt, Wo, Wo, Wo, Wo, Wwt^Vm, Wo, Wwt, Wwt, Dd, Wwt, Wwt, Hd, Wwt, Wwt, Wwt, Gs^Ft, Gs^Ft, Wwt, Wwrt, Wwt^Vm, Wwrt, Wo, Wo, Wo, Wo
Wo, Wo, Wo, Wwrt, Dd, Dd, Cme, Wwt, Wwt, Wo, Wo, Wo, Wo, Wo, Wo, Wwt, Wwrt, Hd, Md, Md^Xm, Md^Xm, Gs^Vht, Wwt, Gs^Ft, Wwt, Wwt, Wo, Wo, Wo, Wo, Wo, Wo
Wo, Wo, Wo, Wwrt, Dd, 1 Kme, Cme, Dd, Wwt, Wo, Wo, Wo, Wo, Wo, Wo, Wwt, Wwrt, Dd, Hd, Md^Xm, Md, Hd, Wwrt, Wwt, Wwt, Wo, Wo, Wo, Wo, Wo, Wo, Wo
Wo, Wo, Wo, Wwt, Wwt, Dd, Dd, Dd, Wwt, Wo, Wo, Wo, Wo, Wo, Wo, Wwt, Wwt, Dd^Do, Wwrt, Dd, Wwrt, Wwrt, Wwrt, Wwrt, Wwt, Wo, Wo, Wo, Wo, Wo, Wo, Wo
Wo, Wo, Wo, Wo, Wo, Wwt, Wwt, Wwt, Wo, Wo, Wo, Wo, Wo, Wo, Wo, Wo, Wo, Wwt, Wwt, Wwrt, Wwt, Wwrt, Wwt, Wwrt, Wwt, Wo, Wo, Wo, Wo, Wo, Wo, Wo
Wo, Wo, Wo, Wo, Wo, Wo, Wo, Wo, Wo, Wo, Wo, Wo, Wo, Wo, Wo, Wo, Wo, Wo, Wo, Wo, Wo, Wo, Wo, Wo, Wo, Wo, Wo, Wo, Wo, Wo, Wo, Wo
Wo, Wo, Wo, Wo, Wo, Wo, Wo, Wo, Wo, Wo, Wo, Wo, Wo, Wo, Wo, Wo, Wo, Wo, Wo, Wo, Wo, Wo, Wo, Wo, Wo, Wo, Wo, Wo, Wo, Wo, Wo, Wo
Xv, Xv, Xv, Xv, Xv, Xv, Xv, Xv, Xv, Xv, Xv, Xv, Xv, Xv, Xv, Xv, Xv, Xv, Xv, Xv, Xv, Xv, Xv, Xv, Xv, Xv, Xv, Xv, Xv, Xv, Xv, Xv
Wog, Wog, Xur, Hd, Ds, Wog, Wog, Wog, Wog, Wog, Ds, Dd, Dd, Dd, Ds, Xur, Ds^Vm, Xur, Dd, Xur, Xur, Xur, Xur, Xur, Hd, Hd, Hd, Ds, Wog, Wog, Wog, Wog
Wog, Ds, Hd, Hd^Vm, Ds^Ewsh, Hd, Hd, Wog, Wog, Wog, Wog, Xur, Wog, Dd^Esd, Ds^Ewsh, Xur, Ds^Ewsh, Dd^Esd, Xur, Dd, Dd, Ds^Vm, Xur, Xur, Dd^Ewsh, Hd, Xur, Hd, Wog, Wog, Wog, Wog
Wog, Wog, Wog, Hd, Xur, Xur, Xur, Ds, Ds^Vm, Wog, Wog, Wog, Wog, Wog, Wog, Ds, Hd, Xur, Xur, Xur, Xur, Xur, Xur, Xur, Dd, Ds, Wog, Wog, Wog, Wog, Wog, Wog
Wog, Wog, Wog, Hd, Xur, Xur, Xur, Xur, Ds, Wog, Wog, Wog, Wog, Wog, Wog, Ds, Hd, Xur, Xur, Xur, Xur, Xur, Hd, Dd^Esd, Ds^Ewsh, Wog, Wog, Wog, Wog, Wog, Wog, Wog
Wog, Wog, Wog, Ds, Dd, Xur, Xur, Xur, Ds^Ewsh, Wog, Wog, Wog, Wog, Wog, Wog, Ds, Ds, Xur, Hd, Xur, Hd, Hd, Hd, Hd, Ds, Wog, Wog, Wog, Wog, Wog, Wog, Wog
Wog, Wog, Wog, Wog, Wog, Dd, Ds^Ewsh, Ds, Wog, Wog, Wog, Wog, Wog, Wog, Wog, Wog, Wog, Ds, Ds, Hd, Ds, Hd, Ds, Hd^Vm, Ds, Wog, Wog, Wog, Wog, Wog, Wog, Wog
Wog, Wog, Wog, Wog, Wog, Wog, Wog, Wog, Wog, Wog, Wog, Wog, Wog, Wog, Wog, Wog, Wog, Wog, Wog, Wog, Wog, Wog, Wog, Wog, Wog, Wog, Wog, Wog, Wog, Wog, Wog, Wog
Wog, Wog, Wog, Wog, Wog, Wog, Wog, Wog, Wog, Wog, Wog, Wog, Wog, Wog, Wog, Wog, Wog, Wog, Wog, Wog, Wog, Wog, Wog, Wog, Wog, Wog, Wog, Wog, Wog, Wog, Wog, Wog
Xv, Xv, Xv, Xv, Xv, Xv, Xv, Xv, Xv, Xv, Xv, Xv, Xv, Xv, Xv, Xv, Xv, Xv, Xv, Xv, Xv, Xv, Xv, Xv, Xv, Xv, Xv, Xv, Xv, Xv, Xv, Xv
Hd, Hd, Xur, Xur, Xur, Dd, Dd^Esd, Dd, Dd, Hd, Xur, Xur, Xur, Xur, Xur, Xur, Xur, Xur, Xur, Xur, Xur, Xur, Xur, Xur, Xur, Xur, Xur, Xur, Ds, Dd^Esd, Dd, Ds
Hd, Xur, Xur, Xur, Xur, Xur, Xur, Dd^Vm, Dd^Qhu, Hd^Qhu, Xur, Xur, Xur, Xur, Xur, Xur, Xur, Xur, Xur, Xur, Xur, Xur, Xur, Xur, Xur, Xur, Xur, Xur, Ds^Vm, Dd, Dd^Qhu, Ds^Qhu
Ds, Hd, Hd, Xur, Xur, Xur, Xur, Xur, Xur, Ds^Qhu, Ds^Qhu, Xur, Dd, Xur, Xur, Xur, Xur, Xur, Xur, Xur, Xur, Xur, Xur, Xur, Xur, Xur, Hd^Qhh, Hd^Qhh, Ds, Ds, Dd^Qhu, Ds^Qhu
Ds, Ds^Ewsh, Ds^Vm, Xur, Xur, Xur, Xur, Xur, Xur, Ds, Ds^Ewsh, Ds^Ewsh, Ds, Dd^Vm, Dd^Qhh, Xur, Xur, Xur, Xur, Xur, Xur, Xur, Xur, Xur, Xur, Ds^Vm, Ds^Qhu, Hd^Qhu, Dd^Qhu, Ds^Qhu, Ds, Ds
Ds, Ds^Esd, Ds, Xur, Xur, Xur, Xur, Xur, Xur, Ds^Qhh, Hd^Qhh, Ds, Dd^Esd, Ds, Hd^Qhh, Xur, Xur, Xur, Xur, Xur, Xur, Xur, Xur, Xur, Xur, Hd^Qhh, Ds^Qhu, Dd^Qhu, Cd, Ds^Qhh, Ds^Qhh, Ds
Ds, Ds, Hd, Hd, Dd, Xur, Xur, Xur, Ds^Qhh, Ds^Qhh, Hd^Qhh, Hd^Qhh, Dd^Esd, Ds, Ds, Hd^Qhh, Hd^Qhh, Xur, Xur, Xur, Xur, Xur, Xur, Xur, Xur, Hd^Qhh, Dd^Qhu, Dd^Qhu, Cd, 2 Kd, Hd^Qhh, Ds
Ds^Qhh, Hd, Hd, Ds^Ewsh, Dd^Esd, Dd, Ds, Ds, Ds, Hd^Qhh, Dd, Dd, Dd, Dd, Dd, Ds, Ds^Ewsh, Ds^Qhh, Ds, Dd, Dd, Dd^Qhh, Dd, Ds, Ds^Ewsh, Ds, Ds, Dd^Qhh, Ds^Qhh, Hd^Qhh, Ds, Ds
Ds^Qhh, Hd^Qhh, Ds^Qhh, Ds, Ds, Dd, Ds, Ds, Ds, Ds, Ds, Dd, Dd, Dd, Dd, Dd, Dd, Dd, Ds^Qhu, Ds^Qhu, Ds^Qhu, Dd^Qhu, Dd^Qhu, Dd^Qhu, Ds^Qhu, Ds, Ds, Ds, Ds, Ds, Ds, Ds
Ds^Qhh, Ds^Qhh, Ds^Qhh, Ds^Ewsh, Ds^Ewsh, Ds^Ewsh, Ds^Ewsh, Ds^Ewsh, Ds^Ewsh, Ds^Ewsh, Ds^Ewsh, Dd, Ds^Qhu, Ds^Qhu, Ds^Qhu, Ds^Qhu, Ds^Qhu, Ds^Qhu, Ds^Qhu, Ds^Qhu, Ds^Qhu, Ds^Qhu, Ds^Qhu, Ds^Qhu, Ds^Qhu, Ds^Qhu, Ds^Qhu, Ds^Ewsh, Ds^Ewsh, Ds^Ewsh, Ds^Ewsh, Ds^Ewsh
